::1 - - [26/Jul/2026:12:17:01 +0000] "GET /recipes/ HTTP/1.1" 200 512 "-" "PostmanRuntime/7.55.1"
::1 - - [26/Jul/2026:12:17:19 +0000] "POST /recipes HTTP/1.1" 400 69 "-" "PostmanRuntime/7.55.1"
::1 - - [26/Jul/2026:12:17:30 +0000] "POST /recipes HTTP/1.1" 500 69 "-" "PostmanRuntime/7.55.1"
::1 - - [26/Jul/2026:12:17:34 +0000] "POST /recipes HTTP/1.1" 500 69 "-" "PostmanRuntime/7.55.1"
::1 - - [26/Jul/2026:12:18:16 +0000] "POST /recipes HTTP/1.1" 500 69 "-" "PostmanRuntime/7.55.1"
::1 - - [26/Jul/2026:12:19:05 +0000] "POST /recipes HTTP/1.1" 500 69 "-" "PostmanRuntime/7.55.1"
::1 - - [26/Jul/2026:12:20:11 +0000] "POST /recipes HTTP/1.1" 201 256 "-" "PostmanRuntime/7.55.1"
::1 - - [26/Jul/2026:12:27:05 +0000] "POST /recipes HTTP/1.1" 201 285 "-" "PostmanRuntime/7.55.1"
::1 - - [26/Jul/2026:12:27:48 +0000] "POST /recipes HTTP/1.1" 201 285 "-" "PostmanRuntime/7.55.1"
::1 - - [26/Jul/2026:12:27:58 +0000] "GET /recipes/ HTTP/1.1" 200 287 "-" "PostmanRuntime/7.55.1"
::1 - - [26/Jul/2026:12:51:44 +0000] "POST /recipes HTTP/1.1" 201 286 "-" "PostmanRuntime/7.55.1"
::1 - - [26/Jul/2026:12:51:59 +0000] "POST /recipes HTTP/1.1" 201 288 "-" "PostmanRuntime/7.55.1"
::1 - - [26/Jul/2026:12:52:09 +0000] "POST /recipes HTTP/1.1" 201 286 "-" "PostmanRuntime/7.55.1"
::1 - - [26/Jul/2026:12:52:30 +0000] "POST /recipes HTTP/1.1" 201 280 "-" "PostmanRuntime/7.55.1"
::1 - - [26/Jul/2026:12:54:00 +0000] "GET /recipes/ HTTP/1.1" 200 1145 "-" "PostmanRuntime/7.55.1"
::1 - - [26/Jul/2026:12:56:22 +0000] "GET /recipes/?difficulty=hard HTTP/1.1" 200 1145 "-" "PostmanRuntime/7.55.1"
::1 - - [26/Jul/2026:12:59:41 +0000] "GET /recipes/?cooking_time=4 HTTP/1.1" 200 1145 "-" "PostmanRuntime/7.55.1"
::1 - - [26/Jul/2026:12:59:56 +0000] "GET /recipes/?cooking_time=4 HTTP/1.1" 200 1145 "-" "PostmanRuntime/7.55.1"
::1 - - [26/Jul/2026:13:01:30 +0000] "GET /recipes/?cooking_time=4 HTTP/1.1" 200 1145 "-" "PostmanRuntime/7.55.1"
::1 - - [26/Jul/2026:13:02:15 +0000] "GET /recipes/?difficulty=hard HTTP/1.1" 200 1145 "-" "PostmanRuntime/7.55.1"
::1 - - [26/Jul/2026:13:02:32 +0000] "GET /recipes?difficulty=hard HTTP/1.1" 200 1145 "-" "PostmanRuntime/7.55.1"
::1 - - [26/Jul/2026:13:03:56 +0000] "GET /recipes/search?difficulty=hard HTTP/1.1" 200 567 "-" "PostmanRuntime/7.55.1"
::1 - - [26/Jul/2026:13:04:28 +0000] "GET /recipes/search?difficulty=hard HTTP/1.1" 200 567 "-" "PostmanRuntime/7.55.1"
::1 - - [26/Jul/2026:13:04:46 +0000] "GET /recipes/search?maxCookingTime=4 HTTP/1.1" 404 80 "-" "PostmanRuntime/7.55.1"
::1 - - [26/Jul/2026:13:05:18 +0000] "GET /recipes/search?cooking_time=4 HTTP/1.1" 200 1145 "-" "PostmanRuntime/7.55.1"
::1 - - [26/Jul/2026:13:06:03 +0000] "GET /recipes/search?cooking_time=4 HTTP/1.1" 200 577 "-" "PostmanRuntime/7.55.1"
::1 - - [26/Jul/2026:13:07:44 +0000] "GET /recipes/search?cooking_time=4&difficulty=hard HTTP/1.1" 200 287 "-" "PostmanRuntime/7.55.1"
::1 - - [26/Jul/2026:13:07:52 +0000] "GET /recipes/search?cooking_time=4&difficulty=medium HTTP/1.1" 200 291 "-" "PostmanRuntime/7.55.1"
::1 - - [26/Jul/2026:13:09:21 +0000] "GET /recipes/search?search=title HTTP/1.1" 200 1145 "-" "PostmanRuntime/7.55.1"
::1 - - [26/Jul/2026:13:09:49 +0000] "GET /recipes/search?search=hello HTTP/1.1" 200 279 "-" "PostmanRuntime/7.55.1"
::1 - - [26/Jul/2026:13:10:28 +0000] "GET /recipes/search?search=My-description HTTP/1.1" 200 284 "-" "PostmanRuntime/7.55.1"
::1 - - [26/Jul/2026:13:10:33 +0000] "GET /recipes/search?search=My-description1 HTTP/1.1" 200 2 "-" "PostmanRuntime/7.55.1"
::1 - - [26/Jul/2026:13:10:41 +0000] "GET /recipes/search?sear22ch=My-description1 HTTP/1.1" 404 74 "-" "PostmanRuntime/7.55.1"
::1 - - [26/Jul/2026:13:11:28 +0000] "GET /recipes/69093a2b-6b59-4cea-a3c7-feb0fcc47eff HTTP/1.1" 200 277 "-" "PostmanRuntime/7.55.1"
::1 - - [26/Jul/2026:13:11:39 +0000] "GET /recipes/69093a2b-6b59-4cea-a3c7-feb0fcc47eff11 HTTP/1.1" 404 16 "-" "PostmanRuntime/7.55.1"
::1 - - [26/Jul/2026:13:11:48 +0000] "GET /recipes/69093a2b-6b59-4cea-a3c7-feb0fcc47eff HTTP/1.1" 200 277 "-" "PostmanRuntime/7.55.1"
::1 - - [26/Jul/2026:13:12:18 +0000] "GET /recipes/search?diffi1culty=hard HTTP/1.1" 404 77 "-" "PostmanRuntime/7.55.1"
::1 - - [26/Jul/2026:13:12:53 +0000] "POST /recipes HTTP/1.1" 400 94 "-" "PostmanRuntime/7.55.1"
::1 - - [26/Jul/2026:13:13:40 +0000] "POST /recipes HTTP/1.1" 400 69 "-" "PostmanRuntime/7.55.1"
::1 - - [26/Jul/2026:13:14:20 +0000] "POST /recipes HTTP/1.1" 400 91 "-" "PostmanRuntime/7.55.1"
::1 - - [26/Jul/2026:13:14:49 +0000] "DELETE /recipes/227cbeb3-7576-4726-bc95-a0752b759c7e HTTP/1.1" 404 16 "-" "PostmanRuntime/7.55.1"
::1 - - [26/Jul/2026:13:15:26 +0000] "POST /recipes HTTP/1.1" 201 280 "-" "PostmanRuntime/7.55.1"
::1 - - [26/Jul/2026:13:18:06 +0000] "DELETE /recipes/04de7633-4960-44e1-9a15-c1defaf9e076 HTTP/1.1" 404 16 "-" "PostmanRuntime/7.55.1"
::1 - - [26/Jul/2026:13:18:47 +0000] "POST /recipes HTTP/1.1" 201 280 "-" "PostmanRuntime/7.55.1"
::1 - - [26/Jul/2026:13:19:20 +0000] "DELETE /recipes/f7d11a10-05c2-40a2-97fe-5c97958a498c HTTP/1.1" 200 857 "-" "PostmanRuntime/7.55.1"
::1 - - [26/Jul/2026:13:19:42 +0000] "GET /recipes/f7d11a10-05c2-40a2-97fe-5c97958a498c HTTP/1.1" 404 16 "-" "PostmanRuntime/7.55.1"
::1 - - [26/Jul/2026:13:20:17 +0000] "PUT /recipes/69093a2b-6b59-4cea-a3c7-feb0fcc47eff HTTP/1.1" 200 286 "-" "PostmanRuntime/7.55.1"
::1 - - [26/Jul/2026:13:20:27 +0000] "PUT /recipes/69093a2b-6b59-4cea-a3c7-feb0fcc47eff1 HTTP/1.1" 200 4 "-" "PostmanRuntime/7.55.1"
::1 - - [26/Jul/2026:13:22:19 +0000] "PUT /recipes/69093a2b-6b59-4cea-a3c7-feb0fcc47eff1 HTTP/1.1" 500 21 "-" "PostmanRuntime/7.55.1"
::1 - - [26/Jul/2026:13:22:38 +0000] "PUT /recipes/69093a2b-6b59-4cea-a3c7-feb0fcc47eff1 HTTP/1.1" 500 21 "-" "PostmanRuntime/7.55.1"
::1 - - [26/Jul/2026:13:22:41 +0000] "PUT /recipes/69093a2b-6b59-4cea-a3c7-feb0fcc47eff1 HTTP/1.1" 500 21 "-" "PostmanRuntime/7.55.1"
::1 - - [26/Jul/2026:13:23:00 +0000] "PUT /recipes/69093a2b-6b59-4cea-a3c7-feb0fcc47eff1 HTTP/1.1" 500 21 "-" "PostmanRuntime/7.55.1"
::1 - - [26/Jul/2026:13:23:16 +0000] "PUT /recipes/69093a2b-6b59-4cea-a3c7-feb0fcc47eff1 HTTP/1.1" 500 21 "-" "PostmanRuntime/7.55.1"
::1 - - [26/Jul/2026:13:24:58 +0000] "PUT /recipes/69093a2b-6b59-4cea-a3c7-feb0fcc47eff1 HTTP/1.1" 500 63 "-" "PostmanRuntime/7.55.1"
::1 - - [26/Jul/2026:13:27:01 +0000] "PUT /recipes/69093a2b-6b59-4cea-a3c7-feb0fcc47eff1 HTTP/1.1" 500 63 "-" "PostmanRuntime/7.55.1"
::1 - - [26/Jul/2026:13:27:28 +0000] "PUT /recipes/69093a2b-6b59-4cea-a3c7-feb0fcc47eff1 HTTP/1.1" 500 63 "-" "PostmanRuntime/7.55.1"
::1 - - [26/Jul/2026:13:27:45 +0000] "PUT /recipes/69093a2b-6b59-4cea-a3c7-feb0fcc47eff1 HTTP/1.1" 500 63 "-" "PostmanRuntime/7.55.1"
::1 - - [26/Jul/2026:13:27:46 +0000] "PUT /recipes/69093a2b-6b59-4cea-a3c7-feb0fcc47eff1 HTTP/1.1" 500 63 "-" "PostmanRuntime/7.55.1"
::1 - - [26/Jul/2026:13:27:47 +0000] "PUT /recipes/69093a2b-6b59-4cea-a3c7-feb0fcc47eff1 HTTP/1.1" 500 63 "-" "PostmanRuntime/7.55.1"
::1 - - [26/Jul/2026:13:28:02 +0000] "PUT /recipes/69093a2b-6b59-4cea-a3c7-feb0fcc47eff1 HTTP/1.1" 500 63 "-" "PostmanRuntime/7.55.1"
::1 - - [26/Jul/2026:13:28:51 +0000] "PUT /recipes/69093a2b-6b59-4cea-a3c7-feb0fcc47eff1 HTTP/1.1" 404 60 "-" "PostmanRuntime/7.55.1"
::1 - - [26/Jul/2026:13:35:48 +0000] "GET /recipes/f7d11a10-05c2-40a2-97fe-5c97958a498c HTTP/1.1" 404 16 "-" "PostmanRuntime/7.55.1"
::1 - - [26/Jul/2026:13:35:49 +0000] "GET /recipes/f7d11a10-05c2-40a2-97fe-5c97958a498c HTTP/1.1" 404 16 "-" "PostmanRuntime/7.55.1"
::1 - - [26/Jul/2026:13:36:26 +0000] "GET /recipes/f7d11a10-05c2-40a2-97fe-5c97958a498c HTTP/1.1" 404 16 "-" "PostmanRuntime/7.55.1"
::1 - - [26/Jul/2026:13:36:59 +0000] "GET /recipes/f7d11a10-05c2-40a2-97fe-5c97958a498c HTTP/1.1" 404 16 "-" "PostmanRuntime/7.55.1"
::1 - - [26/Jul/2026:13:37:00 +0000] "GET /recipes/f7d11a10-05c2-40a2-97fe-5c97958a498c HTTP/1.1" 404 16 "-" "PostmanRuntime/7.55.1"
::1 - - [26/Jul/2026:13:37:21 +0000] "DELETE /recipes/f7d11a10-05c2-40a2-97fe-5c97958a498c HTTP/1.1" 404 60 "-" "PostmanRuntime/7.55.1"
::1 - - [26/Jul/2026:13:37:57 +0000] "DELETE /recipes/f7d11a10-05c2-40a2-97fe-5c97958a498c HTTP/1.1" 500 60 "-" "PostmanRuntime/7.55.1"
::1 - - [26/Jul/2026:13:38:08 +0000] "DELETE /recipes/f7d11a10-05c2-40a2-97fe-5c97958a498c HTTP/1.1" 404 60 "-" "PostmanRuntime/7.55.1"
::1 - - [28/Jul/2026:09:16:49 +0000] "GET /recipes/ HTTP/1.1" 200 866 "-" "PostmanRuntime/7.55.1"
::1 - - [29/Jul/2026:15:37:27 +0000] "POST / HTTP/1.1" 404 140 "-" "PostmanRuntime/7.55.1"
::1 - - [29/Jul/2026:15:37:50 +0000] "POST /auth/login HTTP/1.1" 400 69 "-" "PostmanRuntime/7.55.1"
::1 - - [29/Jul/2026:15:42:01 +0000] "POST /auth/login HTTP/1.1" 400 69 "-" "PostmanRuntime/7.55.1"
::1 - - [29/Jul/2026:15:43:44 +0000] "POST /auth/login HTTP/1.1" 400 69 "-" "PostmanRuntime/7.55.1"
::1 - - [29/Jul/2026:15:46:15 +0000] "POST /auth/login HTTP/1.1" 500 77 "-" "PostmanRuntime/7.55.1"
::1 - - [29/Jul/2026:15:47:35 +0000] "POST /auth/login HTTP/1.1" 401 69 "-" "PostmanRuntime/7.55.1"
::1 - - [29/Jul/2026:15:48:37 +0000] "POST /auth/login HTTP/1.1" 401 69 "-" "PostmanRuntime/7.55.1"
::1 - - [29/Jul/2026:15:48:43 +0000] "POST /auth/login HTTP/1.1" 401 69 "-" "PostmanRuntime/7.55.1"
::1 - - [29/Jul/2026:15:48:44 +0000] "POST /auth/login HTTP/1.1" 401 69 "-" "PostmanRuntime/7.55.1"
::1 - - [29/Jul/2026:15:50:58 +0000] "POST /auth/login HTTP/1.1" 401 69 "-" "PostmanRuntime/7.55.1"
::1 - - [29/Jul/2026:15:51:17 +0000] "POST /auth/login HTTP/1.1" 401 69 "-" "PostmanRuntime/7.55.1"
::1 - - [29/Jul/2026:15:55:49 +0000] "POST /auth/login HTTP/1.1" 500 80 "-" "PostmanRuntime/7.55.1"
::1 - - [29/Jul/2026:15:57:18 +0000] "POST /auth/login HTTP/1.1" 500 80 "-" "PostmanRuntime/7.55.1"
::1 - - [29/Jul/2026:15:57:51 +0000] "POST /auth/login HTTP/1.1" 500 80 "-" "PostmanRuntime/7.55.1"
::1 - - [29/Jul/2026:16:00:16 +0000] "POST /auth/login HTTP/1.1" 500 80 "-" "PostmanRuntime/7.55.1"
::1 - - [29/Jul/2026:16:01:40 +0000] "POST /auth/login HTTP/1.1" 500 80 "-" "PostmanRuntime/7.55.1"
::1 - - [29/Jul/2026:16:01:42 +0000] "POST /auth/login HTTP/1.1" 500 80 "-" "PostmanRuntime/7.55.1"
::1 - - [29/Jul/2026:16:02:43 +0000] "POST /auth/login HTTP/1.1" 200 261 "-" "PostmanRuntime/7.55.1"
::1 - - [29/Jul/2026:16:14:03 +0000] "GET /recipes/ HTTP/1.1" 500 76 "-" "PostmanRuntime/7.55.1"
::1 - - [29/Jul/2026:16:15:17 +0000] "GET /recipes/ HTTP/1.1" 500 76 "-" "PostmanRuntime/7.55.1"
::1 - - [29/Jul/2026:16:15:29 +0000] "GET /recipes/ HTTP/1.1" 500 76 "-" "PostmanRuntime/7.55.1"
::1 - - [29/Jul/2026:16:19:42 +0000] "POST /auth/login HTTP/1.1" 200 270 "-" "PostmanRuntime/7.55.1"
::1 - - [29/Jul/2026:16:22:01 +0000] "GET /recipes/ HTTP/1.1" 500 76 "-" "PostmanRuntime/7.55.1"
::1 - - [29/Jul/2026:16:22:02 +0000] "POST /auth/login HTTP/1.1" 200 270 "-" "PostmanRuntime/7.55.1"
::1 - - [29/Jul/2026:16:22:12 +0000] "POST /auth/login HTTP/1.1" 200 270 "-" "PostmanRuntime/7.55.1"
::1 - - [29/Jul/2026:16:22:14 +0000] "POST /auth/login HTTP/1.1" 200 270 "-" "PostmanRuntime/7.55.1"
::1 - - [29/Jul/2026:16:22:16 +0000] "POST /auth/login HTTP/1.1" 200 270 "-" "PostmanRuntime/7.55.1"
::1 - - [29/Jul/2026:16:23:17 +0000] "POST /auth/login HTTP/1.1" 200 270 "-" "PostmanRuntime/7.55.1"
::1 - - [29/Jul/2026:16:23:51 +0000] "GET /recipes/ HTTP/1.1" 500 76 "-" "PostmanRuntime/7.55.1"
::1 - - [29/Jul/2026:16:24:04 +0000] "GET /recipes/ HTTP/1.1" 500 76 "-" "PostmanRuntime/7.55.1"
::1 - - [29/Jul/2026:16:24:11 +0000] "POST /auth/login HTTP/1.1" 200 270 "-" "PostmanRuntime/7.55.1"
::1 - - [29/Jul/2026:16:24:28 +0000] "GET /recipes/ HTTP/1.1" 500 76 "-" "PostmanRuntime/7.55.1"
::1 - - [29/Jul/2026:16:24:43 +0000] "POST /auth/login HTTP/1.1" 200 270 "-" "PostmanRuntime/7.55.1"
::1 - - [29/Jul/2026:16:25:07 +0000] "GET /recipes/ HTTP/1.1" 500 76 "-" "PostmanRuntime/7.55.1"
::1 - - [29/Jul/2026:16:25:26 +0000] "GET /recipes/ HTTP/1.1" 500 50 "-" "PostmanRuntime/7.55.1"
::1 - - [29/Jul/2026:16:25:40 +0000] "GET /recipes/ HTTP/1.1" 500 50 "-" "PostmanRuntime/7.55.1"
::1 - - [29/Jul/2026:16:26:58 +0000] "GET /recipes/ HTTP/1.1" 500 59 "-" "PostmanRuntime/7.55.1"
::1 - - [30/Jul/2026:07:10:04 +0000] "GET /recipes/ HTTP/1.1" 500 56 "-" "PostmanRuntime/7.55.1"
::1 - - [30/Jul/2026:07:16:14 +0000] "GET /recipes/ HTTP/1.1" 500 56 "-" "PostmanRuntime/7.55.1"
::1 - - [30/Jul/2026:07:18:24 +0000] "GET /recipes/ HTTP/1.1" 500 56 "-" "PostmanRuntime/7.55.1"
::1 - - [30/Jul/2026:07:18:46 +0000] "POST /auth/login HTTP/1.1" 200 270 "-" "PostmanRuntime/7.55.1"
::1 - - [30/Jul/2026:07:19:02 +0000] "GET /recipes/ HTTP/1.1" 500 56 "-" "PostmanRuntime/7.55.1"
::1 - - [30/Jul/2026:07:28:41 +0000] "POST /auth/login HTTP/1.1" 200 352 "-" "PostmanRuntime/7.55.1"
::1 - - [30/Jul/2026:07:28:59 +0000] "GET /recipes/ HTTP/1.1" 500 56 "-" "PostmanRuntime/7.55.1"
::1 - - [30/Jul/2026:07:29:58 +0000] "POST /auth/login HTTP/1.1" 200 352 "-" "PostmanRuntime/7.55.1"
::1 - - [30/Jul/2026:07:30:11 +0000] "GET /recipes/ HTTP/1.1" 500 56 "-" "PostmanRuntime/7.55.1"
::1 - - [30/Jul/2026:07:31:27 +0000] "POST /auth/login HTTP/1.1" 200 352 "-" "PostmanRuntime/7.55.1"
::1 - - [30/Jul/2026:07:32:29 +0000] "GET /recipes/ HTTP/1.1" 500 76 "-" "PostmanRuntime/7.55.1"
::1 - - [30/Jul/2026:07:38:08 +0000] "POST /auth/login HTTP/1.1" 200 352 "-" "PostmanRuntime/7.55.1"
::1 - - [30/Jul/2026:07:38:11 +0000] "POST /auth/login HTTP/1.1" 200 352 "-" "PostmanRuntime/7.55.1"
::1 - - [30/Jul/2026:07:41:21 +0000] "POST /auth/login HTTP/1.1" 200 352 "-" "PostmanRuntime/7.55.1"
::1 - - [30/Jul/2026:07:43:12 +0000] "POST /auth/login HTTP/1.1" 500 99 "-" "PostmanRuntime/7.55.1"
::1 - - [30/Jul/2026:07:43:32 +0000] "GET /recipes/ HTTP/1.1" 500 56 "-" "PostmanRuntime/7.55.1"
::1 - - [30/Jul/2026:07:45:04 +0000] "POST /auth/login HTTP/1.1" 500 99 "-" "PostmanRuntime/7.55.1"
::1 - - [30/Jul/2026:07:45:04 +0000] "GET /recipes/ HTTP/1.1" 500 56 "-" "PostmanRuntime/7.55.1"
::1 - - [30/Jul/2026:07:45:32 +0000] "POST /auth/login HTTP/1.1" 500 99 "-" "PostmanRuntime/7.55.1"
::1 - - [30/Jul/2026:07:47:46 +0000] "POST /auth/login HTTP/1.1" 500 99 "-" "PostmanRuntime/7.55.1"
::1 - - [30/Jul/2026:07:48:44 +0000] "POST /auth/login HTTP/1.1" 200 352 "-" "PostmanRuntime/7.55.1"
::1 - - [30/Jul/2026:07:49:58 +0000] "GET /recipes/ HTTP/1.1" 500 56 "-" "PostmanRuntime/7.55.1"
::1 - - [30/Jul/2026:07:57:16 +0000] "GET /recipes/ HTTP/1.1" 500 56 "-" "PostmanRuntime/7.55.1"
::1 - - [30/Jul/2026:08:36:18 +0000] "POST /auth/login HTTP/1.1" 200 352 "-" "PostmanRuntime/7.55.1"
::1 - - [30/Jul/2026:08:37:44 +0000] "GET /recipes/ HTTP/1.1" 500 56 "-" "PostmanRuntime/7.55.1"
::1 - - [30/Jul/2026:08:39:06 +0000] "GET /recipes/ HTTP/1.1" 500 56 "-" "PostmanRuntime/7.55.1"
::1 - - [30/Jul/2026:08:39:35 +0000] "GET /recipes/ HTTP/1.1" 500 56 "-" "PostmanRuntime/7.55.1"
::1 - - [30/Jul/2026:08:41:12 +0000] "GET /recipes/ HTTP/1.1" 200 2 "-" "PostmanRuntime/7.55.1"
::1 - - [30/Jul/2026:12:19:03 +0000] "GET /recipes/ HTTP/1.1" 200 2 "-" "PostmanRuntime/7.55.1"
::1 - - [30/Jul/2026:12:19:47 +0000] "GET /recipes/ HTTP/1.1" 200 2 "-" "PostmanRuntime/7.55.1"
::1 - - [30/Jul/2026:12:20:10 +0000] "GET /recipes/ HTTP/1.1" 200 160 "-" "PostmanRuntime/7.55.1"
::1 - - [30/Jul/2026:12:28:14 +0000] "GET /recipes/ HTTP/1.1" 500 57 "-" "PostmanRuntime/7.55.1"
::1 - - [30/Jul/2026:12:28:39 +0000] "GET /recipes/ HTTP/1.1" 500 53 "-" "PostmanRuntime/7.55.1"
::1 - - [30/Jul/2026:12:28:57 +0000] "GET /recipes/ HTTP/1.1" 500 64 "-" "PostmanRuntime/7.55.1"
::1 - - [30/Jul/2026:12:29:33 +0000] "GET /recipes/ HTTP/1.1" 500 64 "-" "PostmanRuntime/7.55.1"
::1 - - [30/Jul/2026:12:32:22 +0000] "GET /recipes/ HTTP/1.1" 200 160 "-" "PostmanRuntime/7.55.1"
::1 - - [30/Jul/2026:12:33:00 +0000] "GET /recipes/ HTTP/1.1" 500 79 "-" "PostmanRuntime/7.55.1"
::1 - - [30/Jul/2026:12:33:40 +0000] "GET /recipes/ HTTP/1.1" 500 79 "-" "PostmanRuntime/7.55.1"
::1 - - [30/Jul/2026:12:42:38 +0000] "GET /recipes/ HTTP/1.1" 500 64 "-" "PostmanRuntime/7.55.1"
::1 - - [30/Jul/2026:12:43:26 +0000] "GET /recipes/ HTTP/1.1" 500 64 "-" "PostmanRuntime/7.55.1"
::1 - - [30/Jul/2026:12:43:56 +0000] "GET /recipes/ HTTP/1.1" 500 64 "-" "PostmanRuntime/7.55.1"
::1 - - [30/Jul/2026:12:46:19 +0000] "GET /recipes/ HTTP/1.1" 500 58 "-" "PostmanRuntime/7.55.1"
::1 - - [30/Jul/2026:12:47:01 +0000] "GET /recipes/ HTTP/1.1" 500 58 "-" "PostmanRuntime/7.55.1"
::1 - - [30/Jul/2026:12:48:34 +0000] "GET /recipes/ HTTP/1.1" 500 58 "-" "PostmanRuntime/7.55.1"
::1 - - [30/Jul/2026:18:23:07 +0000] "GET /recipes/ HTTP/1.1" 200 1434 "-" "PostmanRuntime/7.56.0"
::1 - - [30/Jul/2026:18:29:37 +0000] "GET /recipes/a1f2c3d4-1111-4aaa-8222-9f9f9f9f9f01 HTTP/1.1" 200 474 "-" "PostmanRuntime/7.56.0"
::1 - - [30/Jul/2026:19:13:18 +0000] "POST /recipes HTTP/1.1" 500 99 "-" "PostmanRuntime/7.56.0"
::1 - - [30/Jul/2026:19:13:46 +0000] "POST /recipes HTTP/1.1" 500 99 "-" "PostmanRuntime/7.56.0"
::1 - - [30/Jul/2026:19:15:41 +0000] "POST /recipes HTTP/1.1" 400 94 "-" "PostmanRuntime/7.56.0"
::1 - - [30/Jul/2026:19:24:19 +0000] "POST /recipes HTTP/1.1" 400 94 "-" "PostmanRuntime/7.56.0"
::1 - - [30/Jul/2026:19:25:24 +0000] "POST /recipes HTTP/1.1" 400 94 "-" "PostmanRuntime/7.56.0"
::1 - - [30/Jul/2026:19:28:13 +0000] "POST /recipes HTTP/1.1" 400 94 "-" "PostmanRuntime/7.56.0"
::1 - - [30/Jul/2026:19:28:40 +0000] "POST /recipes HTTP/1.1" 400 94 "-" "PostmanRuntime/7.56.0"
::1 - - [30/Jul/2026:19:29:22 +0000] "POST /recipes HTTP/1.1" 400 55 "-" "PostmanRuntime/7.56.0"
::1 - - [30/Jul/2026:19:31:31 +0000] "POST /recipes HTTP/1.1" 500 19 "-" "PostmanRuntime/7.56.0"
::1 - - [30/Jul/2026:19:32:35 +0000] "POST /recipes HTTP/1.1" 500 19 "-" "PostmanRuntime/7.56.0"
::1 - - [30/Jul/2026:19:34:46 +0000] "POST /recipes HTTP/1.1" 500 19 "-" "PostmanRuntime/7.56.0"
::1 - - [30/Jul/2026:19:36:09 +0000] "POST /recipes HTTP/1.1" 500 19 "-" "PostmanRuntime/7.56.0"
::1 - - [30/Jul/2026:19:39:49 +0000] "POST /recipes HTTP/1.1" 500 19 "-" "PostmanRuntime/7.56.0"
::1 - - [30/Jul/2026:19:41:03 +0000] "POST /recipes HTTP/1.1" 500 19 "-" "PostmanRuntime/7.56.0"
::1 - - [30/Jul/2026:19:41:09 +0000] "POST /recipes HTTP/1.1" 500 19 "-" "PostmanRuntime/7.56.0"
::1 - - [30/Jul/2026:19:41:56 +0000] "POST /recipes HTTP/1.1" 500 19 "-" "PostmanRuntime/7.56.0"
::1 - - [30/Jul/2026:19:44:13 +0000] "POST /recipes HTTP/1.1" 500 19 "-" "PostmanRuntime/7.56.0"
::1 - - [30/Jul/2026:19:44:26 +0000] "POST /recipes HTTP/1.1" 500 19 "-" "PostmanRuntime/7.56.0"
::1 - - [30/Jul/2026:19:45:10 +0000] "POST /recipes HTTP/1.1" 500 19 "-" "PostmanRuntime/7.56.0"
::1 - - [30/Jul/2026:19:45:22 +0000] "POST /recipes HTTP/1.1" 500 19 "-" "PostmanRuntime/7.56.0"
::1 - - [30/Jul/2026:19:51:53 +0000] "POST /recipes HTTP/1.1" 500 19 "-" "PostmanRuntime/7.56.0"
::1 - - [30/Jul/2026:19:52:03 +0000] "POST /recipes HTTP/1.1" 500 19 "-" "PostmanRuntime/7.56.0"
::1 - - [30/Jul/2026:19:53:36 +0000] "POST /recipes HTTP/1.1" 500 19 "-" "PostmanRuntime/7.56.0"
::1 - - [30/Jul/2026:19:53:36 +0000] "GET /recipes/ HTTP/1.1" 200 1449 "-" "PostmanRuntime/7.56.0"
::1 - - [30/Jul/2026:19:54:19 +0000] "GET /recipes/ HTTP/1.1" 200 1449 "-" "PostmanRuntime/7.56.0"
::1 - - [30/Jul/2026:19:54:47 +0000] "GET /recipes/ HTTP/1.1" 200 1449 "-" "PostmanRuntime/7.56.0"
::1 - - [30/Jul/2026:19:55:36 +0000] "POST /recipes HTTP/1.1" 500 19 "-" "PostmanRuntime/7.56.0"
::1 - - [30/Jul/2026:19:57:51 +0000] "POST /recipes HTTP/1.1" 500 19 "-" "PostmanRuntime/7.56.0"
::1 - - [30/Jul/2026:19:59:21 +0000] "POST /recipes HTTP/1.1" 201 480 "-" "PostmanRuntime/7.56.0"
::1 - - [30/Jul/2026:20:07:51 +0000] "GET /recipes/ HTTP/1.1" 200 1449 "-" "PostmanRuntime/7.56.0"
::1 - - [30/Jul/2026:20:08:39 +0000] "POST /recipes HTTP/1.1" 201 484 "-" "PostmanRuntime/7.56.0"
::1 - - [30/Jul/2026:20:08:52 +0000] "GET /recipes/ HTTP/1.1" 200 1449 "-" "PostmanRuntime/7.56.0"
::1 - - [31/Jul/2026:05:50:07 +0000] "GET /recipes/ HTTP/1.1" 500 59 "-" "PostmanRuntime/7.56.0"
::1 - - [31/Jul/2026:05:50:29 +0000] "GET /recipes/ HTTP/1.1" 200 2486 "-" "PostmanRuntime/7.56.0"
::1 - - [31/Jul/2026:05:51:56 +0000] "POST /recipes HTTP/1.1" 201 533 "-" "PostmanRuntime/7.56.0"
::1 - - [31/Jul/2026:05:52:09 +0000] "GET /recipes/ HTTP/1.1" 200 3020 "-" "PostmanRuntime/7.56.0"
::1 - - [31/Jul/2026:05:54:56 +0000] "PUT /recipes/69093a2b-6b59-4cea-a3c7-feb0fcc47eff1 HTTP/1.1" 404 60 "-" "PostmanRuntime/7.56.0"
::1 - - [31/Jul/2026:05:55:10 +0000] "GET /recipes/ HTTP/1.1" 200 3020 "-" "PostmanRuntime/7.56.0"
::1 - - [31/Jul/2026:05:55:51 +0000] "PUT /recipes/69093a2b-6b59-4cea-a3c7-feb0fcc47eff1 HTTP/1.1" 404 60 "-" "PostmanRuntime/7.56.0"
::1 - - [31/Jul/2026:05:55:55 +0000] "PUT /recipes/69093a2b-6b59-4cea-a3c7-feb0fcc47eff1 HTTP/1.1" 404 60 "-" "PostmanRuntime/7.56.0"
::1 - - [31/Jul/2026:05:56:34 +0000] "PUT /recipes/69093a2b-6b59-4cea-a3c7-feb0fcc47eff1 HTTP/1.1" 404 60 "-" "PostmanRuntime/7.56.0"
::1 - - [31/Jul/2026:05:56:36 +0000] "PUT /recipes/69093a2b-6b59-4cea-a3c7-feb0fcc47eff1 HTTP/1.1" 404 60 "-" "PostmanRuntime/7.56.0"
::1 - - [31/Jul/2026:05:57:12 +0000] "PUT /recipes/8942b9a9-c0ff-48e9-b769-e8903bdeb414 HTTP/1.1" 404 60 "-" "PostmanRuntime/7.56.0"
::1 - - [31/Jul/2026:05:57:59 +0000] "PUT /recipes/8942b9a9-c0ff-48e9-b769-e8903bdeb414 HTTP/1.1" 404 60 "-" "PostmanRuntime/7.56.0"
::1 - - [31/Jul/2026:05:58:15 +0000] "POST /auth/login HTTP/1.1" 200 352 "-" "PostmanRuntime/7.56.0"
::1 - - [31/Jul/2026:05:58:39 +0000] "PUT /recipes/8942b9a9-c0ff-48e9-b769-e8903bdeb414 HTTP/1.1" 404 60 "-" "PostmanRuntime/7.56.0"
::1 - - [31/Jul/2026:05:59:20 +0000] "POST /auth/login HTTP/1.1" 200 352 "-" "PostmanRuntime/7.56.0"
::1 - - [31/Jul/2026:06:01:14 +0000] "PUT /recipes/8942b9a9-c0ff-48e9-b769-e8903bdeb414 HTTP/1.1" 200 532 "-" "PostmanRuntime/7.56.0"
::1 - - [31/Jul/2026:06:02:12 +0000] "DELETE /recipes/8942b9a9-c0ff-48e9-b769-e8903bdeb414 HTTP/1.1" 500 99 "-" "PostmanRuntime/7.56.0"
::1 - - [31/Jul/2026:06:02:54 +0000] "DELETE /recipes/8942b9a9-c0ff-48e9-b769-e8903bdeb414 HTTP/1.1" 500 99 "-" "PostmanRuntime/7.56.0"
::1 - - [31/Jul/2026:06:02:57 +0000] "DELETE /recipes/8942b9a9-c0ff-48e9-b769-e8903bdeb414 HTTP/1.1" 500 99 "-" "PostmanRuntime/7.56.0"
::1 - - [31/Jul/2026:06:03:10 +0000] "DELETE /recipes/8942b9a9-c0ff-48e9-b769-e8903bdeb414 HTTP/1.1" 500 99 "-" "PostmanRuntime/7.56.0"
::1 - - [31/Jul/2026:06:03:18 +0000] "DELETE /recipes/8942b9a9-c0ff-48e9-b769-e8903bdeb414 HTTP/1.1" 500 99 "-" "PostmanRuntime/7.56.0"
::1 - - [31/Jul/2026:06:03:51 +0000] "DELETE /recipes/8942b9a9-c0ff-48e9-b769-e8903bdeb414 HTTP/1.1" 200 2486 "-" "PostmanRuntime/7.56.0"
::1 - - [31/Jul/2026:06:04:02 +0000] "GET /recipes/ HTTP/1.1" 200 3019 "-" "PostmanRuntime/7.56.0"
::1 - - [31/Jul/2026:06:04:21 +0000] "DELETE /recipes/8942b9a9-c0ff-48e9-b769-e8903bdeb414 HTTP/1.1" 200 2486 "-" "PostmanRuntime/7.56.0"
::1 - - [31/Jul/2026:06:04:27 +0000] "GET /recipes/ HTTP/1.1" 200 3019 "-" "PostmanRuntime/7.56.0"
::1 - - [31/Jul/2026:06:06:31 +0000] "GET /recipes/ HTTP/1.1" 200 3019 "-" "PostmanRuntime/7.56.0"
::1 - - [31/Jul/2026:06:06:51 +0000] "DELETE /recipes/8942b9a9-c0ff-48e9-b769-e8903bdeb414 HTTP/1.1" 200 2486 "-" "PostmanRuntime/7.56.0"
::1 - - [31/Jul/2026:06:12:35 +0000] "DELETE /recipes/8942b9a9-c0ff-48e9-b769-e8903bdeb414 HTTP/1.1" 200 9 "-" "PostmanRuntime/7.56.0"
::1 - - [31/Jul/2026:06:12:40 +0000] "GET /recipes/ HTTP/1.1" 200 2486 "-" "PostmanRuntime/7.56.0"
::1 - - [31/Jul/2026:06:17:34 +0000] "POST /recipes HTTP/1.1" 201 533 "-" "PostmanRuntime/7.56.0"
::1 - - [31/Jul/2026:06:17:39 +0000] "GET /recipes/ HTTP/1.1" 200 3020 "-" "PostmanRuntime/7.56.0"
::1 - - [31/Jul/2026:06:17:48 +0000] "GET /recipes/ HTTP/1.1" 200 3020 "-" "PostmanRuntime/7.56.0"
::1 - - [31/Jul/2026:06:18:32 +0000] "DELETE /recipes/0fd0f30b-b3bd-47cc-a090-02cac4ed2e8f HTTP/1.1" 404 60 "-" "PostmanRuntime/7.56.0"
::1 - - [31/Jul/2026:06:19:49 +0000] "DELETE /recipes/0fd0f30b-b3bd-47cc-a090-02cac4ed2e8f HTTP/1.1" 404 60 "-" "PostmanRuntime/7.56.0"
::1 - - [31/Jul/2026:06:21:51 +0000] "DELETE /recipes/0fd0f30b-b3bd-47cc-a090-02cac4ed2e8f HTTP/1.1" 404 60 "-" "PostmanRuntime/7.56.0"
::1 - - [31/Jul/2026:06:22:18 +0000] "DELETE /recipes/0fd0f30b-b3bd-47cc-a090-02cac4ed2e8f HTTP/1.1" 404 60 "-" "PostmanRuntime/7.56.0"
::1 - - [31/Jul/2026:06:22:23 +0000] "GET /recipes/ HTTP/1.1" 200 2486 "-" "PostmanRuntime/7.56.0"
::1 - - [31/Jul/2026:06:22:35 +0000] "POST /recipes HTTP/1.1" 201 533 "-" "PostmanRuntime/7.56.0"
::1 - - [31/Jul/2026:06:22:38 +0000] "GET /recipes/ HTTP/1.1" 200 3020 "-" "PostmanRuntime/7.56.0"
::1 - - [31/Jul/2026:06:23:08 +0000] "DELETE /recipes/6ae45001-9dba-44f2-b15b-7d8a246107f9 HTTP/1.1" 200 533 "-" "PostmanRuntime/7.56.0"
::1 - - [31/Jul/2026:06:41:15 +0000] "GET /recipes/search?search=My-description HTTP/1.1" 500 24 "-" "PostmanRuntime/7.56.0"
::1 - - [31/Jul/2026:06:41:29 +0000] "GET /recipes/search?search=My-description HTTP/1.1" 500 24 "-" "PostmanRuntime/7.56.0"
::1 - - [31/Jul/2026:06:41:55 +0000] "GET /recipes/search?search=My-description HTTP/1.1" 500 24 "-" "PostmanRuntime/7.56.0"
::1 - - [31/Jul/2026:06:42:26 +0000] "GET /recipes/search?search=My-description HTTP/1.1" 500 24 "-" "PostmanRuntime/7.56.0"
::1 - - [31/Jul/2026:06:43:31 +0000] "GET /recipes/search?search=My-description HTTP/1.1" 500 24 "-" "PostmanRuntime/7.56.0"
::1 - - [31/Jul/2026:06:44:37 +0000] "GET /recipes/search?search=My-description HTTP/1.1" 200 2 "-" "PostmanRuntime/7.56.0"
::1 - - [31/Jul/2026:06:45:27 +0000] "GET /recipes/search?search=Bolognese1111 HTTP/1.1" 200 2 "-" "PostmanRuntime/7.56.0"
::1 - - [31/Jul/2026:06:46:38 +0000] "GET /recipes/search?search=Classic%20Boiled%20egg%20Bolognese1111 HTTP/1.1" 200 2 "-" "PostmanRuntime/7.56.0"
::1 - - [31/Jul/2026:06:51:45 +0000] "GET /recipes/ HTTP/1.1" 200 2486 "-" "PostmanRuntime/7.56.0"
::1 - - [31/Jul/2026:06:52:01 +0000] "POST /recipes HTTP/1.1" 201 533 "-" "PostmanRuntime/7.56.0"
::1 - - [31/Jul/2026:06:52:20 +0000] "GET /recipes/ HTTP/1.1" 200 3020 "-" "PostmanRuntime/7.56.0"
::1 - - [31/Jul/2026:06:52:50 +0000] "GET /recipes/search?search=Classic%20Boiled%20egg%20Bolognese1111 HTTP/1.1" 200 535 "-" "PostmanRuntime/7.56.0"
::1 - - [31/Jul/2026:06:52:57 +0000] "GET /recipes/search?search=olognese1111 HTTP/1.1" 200 535 "-" "PostmanRuntime/7.56.0"
::1 - - [31/Jul/2026:06:53:08 +0000] "GET /recipes/search?search=ich%20tomato%20an HTTP/1.1" 200 535 "-" "PostmanRuntime/7.56.0"
::1 - - [31/Jul/2026:08:25:21 +0000] "POST /auth/register HTTP/1.1" 201 373 "-" "PostmanRuntime/7.56.0"
::1 - - [31/Jul/2026:08:27:20 +0000] "POST /auth/login HTTP/1.1" 200 373 "-" "PostmanRuntime/7.56.0"
::1 - - [31/Jul/2026:08:28:31 +0000] "POST /recipes HTTP/1.1" 500 19 "-" "PostmanRuntime/7.56.0"
::1 - - [31/Jul/2026:08:29:32 +0000] "POST /recipes HTTP/1.1" 500 19 "-" "PostmanRuntime/7.56.0"
::1 - - [31/Jul/2026:08:30:48 +0000] "POST /recipes HTTP/1.1" 500 19 "-" "PostmanRuntime/7.56.0"
::1 - - [31/Jul/2026:08:31:36 +0000] "POST /recipes HTTP/1.1" 500 19 "-" "PostmanRuntime/7.56.0"
::1 - - [31/Jul/2026:08:32:26 +0000] "POST /auth/login HTTP/1.1" 200 373 "-" "PostmanRuntime/7.56.0"
::1 - - [31/Jul/2026:08:32:46 +0000] "POST /auth/login HTTP/1.1" 200 373 "-" "PostmanRuntime/7.56.0"
::1 - - [31/Jul/2026:08:33:09 +0000] "POST /auth/login HTTP/1.1" 200 373 "-" "PostmanRuntime/7.56.0"
::1 - - [31/Jul/2026:08:36:25 +0000] "POST /auth/login HTTP/1.1" 200 373 "-" "PostmanRuntime/7.56.0"
::1 - - [31/Jul/2026:08:43:50 +0000] "POST /auth/register HTTP/1.1" 201 476 "-" "PostmanRuntime/7.56.0"
::1 - - [31/Jul/2026:08:44:27 +0000] "POST /recipes HTTP/1.1" 500 19 "-" "PostmanRuntime/7.56.0"
::1 - - [31/Jul/2026:08:45:07 +0000] "POST /recipes HTTP/1.1" 500 19 "-" "PostmanRuntime/7.56.0"
::1 - - [31/Jul/2026:08:45:15 +0000] "POST /auth/login HTTP/1.1" 200 476 "-" "PostmanRuntime/7.56.0"
::1 - - [31/Jul/2026:08:46:25 +0000] "POST /recipes HTTP/1.1" 500 19 "-" "PostmanRuntime/7.56.0"
::1 - - [31/Jul/2026:09:02:15 +0000] "POST /auth/login HTTP/1.1" 401 69 "-" "PostmanRuntime/7.56.0"
::1 - - [31/Jul/2026:09:03:17 +0000] "POST /auth/register HTTP/1.1" 201 833 "-" "PostmanRuntime/7.56.0"
::1 - - [31/Jul/2026:09:03:34 +0000] "POST /auth/login HTTP/1.1" 401 69 "-" "PostmanRuntime/7.56.0"
::1 - - [31/Jul/2026:09:05:57 +0000] "POST /auth/login HTTP/1.1" 500 76 "-" "PostmanRuntime/7.56.0"
::1 - - [31/Jul/2026:09:09:34 +0000] "POST /auth/login HTTP/1.1" 500 76 "-" "PostmanRuntime/7.56.0"
::1 - - [31/Jul/2026:09:10:56 +0000] "POST /auth/login HTTP/1.1" 500 76 "-" "PostmanRuntime/7.56.0"
::1 - - [31/Jul/2026:09:11:06 +0000] "POST /auth/login HTTP/1.1" 200 847 "-" "PostmanRuntime/7.56.0"
::1 - - [31/Jul/2026:09:11:41 +0000] "POST /recipes HTTP/1.1" 500 19 "-" "PostmanRuntime/7.56.0"
::1 - - [31/Jul/2026:09:12:31 +0000] "POST /recipes HTTP/1.1" 500 19 "-" "PostmanRuntime/7.56.0"
::1 - - [31/Jul/2026:09:17:54 +0000] "POST /recipes HTTP/1.1" 500 19 "-" "PostmanRuntime/7.56.0"
::1 - - [31/Jul/2026:09:19:12 +0000] "POST /auth/register HTTP/1.1" 201 833 "-" "PostmanRuntime/7.56.0"
::1 - - [31/Jul/2026:09:19:46 +0000] "POST /auth/login HTTP/1.1" 200 847 "-" "PostmanRuntime/7.56.0"
::1 - - [31/Jul/2026:09:20:12 +0000] "POST /recipes HTTP/1.1" 500 19 "-" "PostmanRuntime/7.56.0"
::1 - - [31/Jul/2026:09:22:18 +0000] "POST /recipes HTTP/1.1" 500 19 "-" "PostmanRuntime/7.56.0"
::1 - - [31/Jul/2026:09:22:43 +0000] "POST /recipes HTTP/1.1" 500 19 "-" "PostmanRuntime/7.56.0"
::1 - - [31/Jul/2026:09:25:13 +0000] "POST /recipes HTTP/1.1" 500 19 "-" "PostmanRuntime/7.56.0"
::1 - - [31/Jul/2026:09:25:47 +0000] "POST /recipes HTTP/1.1" 201 533 "-" "PostmanRuntime/7.56.0"
::1 - - [31/Jul/2026:09:27:06 +0000] "DELETE /recipes/04e5a3a3-d0cb-4d84-bc5f-e19e09de2208 HTTP/1.1" 200 533 "-" "PostmanRuntime/7.56.0"
::1 - - [31/Jul/2026:09:27:24 +0000] "DELETE /recipes/36f214d1-1470-41f3-ac65-27da70efe5c1 HTTP/1.1" 200 533 "-" "PostmanRuntime/7.56.0"
::1 - - [31/Jul/2026:09:27:35 +0000] "POST /recipes HTTP/1.1" 201 533 "-" "PostmanRuntime/7.56.0"
::1 - - [31/Jul/2026:09:40:47 +0000] "GET /auth/profile HTTP/1.1" 500 94 "-" "PostmanRuntime/7.56.0"
::1 - - [31/Jul/2026:09:41:42 +0000] "GET /auth/profile HTTP/1.1" 200 220 "-" "PostmanRuntime/7.56.0"
::1 - - [02/Aug/2026:11:08:58 +0000] "POST /auth/register HTTP/1.1" 500 66 "-" "PostmanRuntime/7.56.0"
::1 - - [02/Aug/2026:11:11:27 +0000] "POST /auth/register HTTP/1.1" 500 66 "-" "PostmanRuntime/7.56.0"
::1 - - [02/Aug/2026:11:11:32 +0000] "POST /auth/login HTTP/1.1" 200 847 "-" "PostmanRuntime/7.56.0"
::1 - - [02/Aug/2026:11:11:52 +0000] "GET /auth/profile HTTP/1.1" 200 220 "-" "PostmanRuntime/7.56.0"
::1 - - [02/Aug/2026:11:25:38 +0000] "POST /recipes HTTP/1.1" 500 60 "-" "PostmanRuntime/7.56.0"
::1 - - [02/Aug/2026:11:26:45 +0000] "POST /recipes HTTP/1.1" 500 60 "-" "PostmanRuntime/7.56.0"
::1 - - [02/Aug/2026:11:27:48 +0000] "POST /recipes HTTP/1.1" 500 60 "-" "PostmanRuntime/7.56.0"
::1 - - [02/Aug/2026:11:28:10 +0000] "POST /recipes HTTP/1.1" 500 60 "-" "PostmanRuntime/7.56.0"
::1 - - [02/Aug/2026:11:29:26 +0000] "POST /recipes HTTP/1.1" 400 91 "-" "PostmanRuntime/7.56.0"
::1 - - [02/Aug/2026:11:36:38 +0000] "POST /recipes HTTP/1.1" 400 91 "-" "PostmanRuntime/7.56.0"
::1 - - [02/Aug/2026:11:38:00 +0000] "POST /recipes HTTP/1.1" 400 91 "-" "PostmanRuntime/7.56.0"
::1 - - [02/Aug/2026:11:39:36 +0000] "POST /recipes HTTP/1.1" 400 88 "-" "PostmanRuntime/7.56.0"
::1 - - [02/Aug/2026:11:47:04 +0000] "POST /recipes HTTP/1.1" 400 92 "-" "PostmanRuntime/7.56.0"
::1 - - [02/Aug/2026:11:54:11 +0000] "POST /recipes HTTP/1.1" 500 19 "-" "PostmanRuntime/7.56.0"
::1 - - [02/Aug/2026:11:54:36 +0000] "POST /recipes HTTP/1.1" 500 19 "-" "PostmanRuntime/7.56.0"
::1 - - [02/Aug/2026:11:59:40 +0000] "POST /recipes HTTP/1.1" 500 19 "-" "PostmanRuntime/7.56.0"
::1 - - [02/Aug/2026:12:01:37 +0000] "POST /recipes HTTP/1.1" 500 19 "-" "PostmanRuntime/7.56.0"
::1 - - [02/Aug/2026:12:03:01 +0000] "POST /recipes HTTP/1.1" 500 19 "-" "PostmanRuntime/7.56.0"
::1 - - [02/Aug/2026:12:04:39 +0000] "POST /recipes HTTP/1.1" 500 19 "-" "PostmanRuntime/7.56.0"
::1 - - [02/Aug/2026:12:05:07 +0000] "POST /recipes HTTP/1.1" 500 19 "-" "PostmanRuntime/7.56.0"
::1 - - [02/Aug/2026:12:05:43 +0000] "POST /recipes HTTP/1.1" 500 19 "-" "PostmanRuntime/7.56.0"
::1 - - [02/Aug/2026:12:06:03 +0000] "POST /recipes HTTP/1.1" 500 19 "-" "PostmanRuntime/7.56.0"
::1 - - [02/Aug/2026:12:06:08 +0000] "POST /recipes HTTP/1.1" 500 19 "-" "PostmanRuntime/7.56.0"
::1 - - [02/Aug/2026:12:06:10 +0000] "POST /recipes HTTP/1.1" 500 19 "-" "PostmanRuntime/7.56.0"
::1 - - [02/Aug/2026:12:06:32 +0000] "POST /recipes HTTP/1.1" 500 19 "-" "PostmanRuntime/7.56.0"
::1 - - [02/Aug/2026:12:07:04 +0000] "POST /recipes HTTP/1.1" 500 19 "-" "PostmanRuntime/7.56.0"
::1 - - [02/Aug/2026:12:07:12 +0000] "POST /recipes HTTP/1.1" 500 19 "-" "PostmanRuntime/7.56.0"
::1 - - [02/Aug/2026:12:07:16 +0000] "POST /recipes HTTP/1.1" 500 19 "-" "PostmanRuntime/7.56.0"
::1 - - [02/Aug/2026:12:07:18 +0000] "POST /recipes HTTP/1.1" 500 19 "-" "PostmanRuntime/7.56.0"
::1 - - [02/Aug/2026:12:07:45 +0000] "POST /recipes HTTP/1.1" 500 19 "-" "PostmanRuntime/7.56.0"
::1 - - [02/Aug/2026:12:08:06 +0000] "POST /recipes HTTP/1.1" 500 19 "-" "PostmanRuntime/7.56.0"
::1 - - [02/Aug/2026:12:08:23 +0000] "POST /recipes HTTP/1.1" 500 19 "-" "PostmanRuntime/7.56.0"
::1 - - [02/Aug/2026:12:08:55 +0000] "POST /recipes HTTP/1.1" 500 19 "-" "PostmanRuntime/7.56.0"
::1 - - [02/Aug/2026:12:09:09 +0000] "POST /recipes HTTP/1.1" 500 19 "-" "PostmanRuntime/7.56.0"
::1 - - [02/Aug/2026:12:09:56 +0000] "POST /recipes HTTP/1.1" 500 19 "-" "PostmanRuntime/7.56.0"
::1 - - [02/Aug/2026:12:10:13 +0000] "POST /recipes HTTP/1.1" 500 19 "-" "PostmanRuntime/7.56.0"
::1 - - [02/Aug/2026:12:10:32 +0000] "POST /recipes HTTP/1.1" 500 19 "-" "PostmanRuntime/7.56.0"
::1 - - [02/Aug/2026:12:12:03 +0000] "POST /recipes HTTP/1.1" 500 19 "-" "PostmanRuntime/7.56.0"
::1 - - [02/Aug/2026:12:12:34 +0000] "POST /recipes HTTP/1.1" 500 19 "-" "PostmanRuntime/7.56.0"
::1 - - [02/Aug/2026:12:18:03 +0000] "POST /recipes HTTP/1.1" 500 19 "-" "PostmanRuntime/7.56.0"
::1 - - [02/Aug/2026:12:19:38 +0000] "POST /recipes HTTP/1.1" 201 514 "-" "PostmanRuntime/7.56.0"
::1 - - [02/Aug/2026:13:47:13 +0000] "POST /recipes HTTP/1.1" 201 515 "-" "PostmanRuntime/7.56.0"
::1 - - [02/Aug/2026:14:28:47 +0000] "POST /recipes HTTP/1.1" 201 513 "-" "PostmanRuntime/7.56.0"
::1 - - [02/Aug/2026:14:29:40 +0000] "POST /recipes HTTP/1.1" 500 105 "-" "PostmanRuntime/7.56.0"
